<div content={<div/>}>
  <slot name="content">content</slot>
</div>;
