<div content={<div />} content={<>content</>}>
  
</div>;