<div>
  <slot name="content">content</slot>
</div>;
